Microchip MPLAB XC8 Compiler V2.46

Linker command line:

-W-3 \
  --edf=C:\Program Files\Microchip\xc8\v2.46\pic\dat\20240104201356_en.msgs \
  -cn -h+dist/default/debug\Test690.X.debug.sym \
  --cmf=dist/default/debug\Test690.X.debug.cmf -z -Q16F690 \
  -oC:\Users\BME1\AppData\Local\Temp\xcAsg14.\driver_tmp_3.o \
  --defsym=__MPLAB_BUILD=1 --fixupoverflow=error \
  -Mdist/default/debug/Test690.X.debug.map \
  --md=C:\Users\BME1\AppData\Local\Temp\xcAsg14.\driver_tmp_0.dat -E1 \
  -ver=XC8 Compiler --acfsm=1493 -ACODE=00h-07FFhx2 -ASTRCODE=00h-0FFFh \
  -ASTRING=00h-0FFhx16 -ACONST=00h-0FFhx16 -AENTRY=00h-0FFhx16 \
  -ACOMMON=070h-07Fh -ABANK0=020h-06Fh -ABANK1=0A0h-0EFh \
  -ABANK2=0120h-016Fh -ARAM=020h-06Fh,0A0h-0EFh,0120h-016Fh \
  -AABS1=020h-07Fh,0A0h-0EFh,0120h-016Fh -ASFR0=00h-01Fh -ASFR1=080h-09Fh \
  -ASFR2=0100h-011Fh -ASFR3=0180h-01EFh -ACONFIG=02007h-02007h -DCONFIG=2 \
  -AIDLOC=02000h-02003h -DIDLOC=2 -AEEDATA=00h-0FFh/02100h \
  -peeprom_data=EEDATA -DEEDATA=2 -DCODE=2 -DSTRCODE=2 -DSTRING=2 -DCONST=2 \
  -DENTRY=2 -preset_vec=00h,intentry,sivt,init,end_init -ppowerup=CODE \
  -pcinit=CODE -pfunctab=ENTRY -k \
  C:\Users\BME1\AppData\Local\Temp\xcAsg14.\driver_tmp_17.o \
  dist/default/debug\Test690.X.debug.o 

Object code version is 3.11

Machine type is 16F690



                Name                               Link     Load   Length Selector   Space Scale
C:\Users\BME1\AppData\Local\Temp\xcAsg14.\driver_tmp_17.o
                end_init                              0        0        2        0       0
                config                             2007     2007        1        0       4
dist/default/debug\Test690.X.debug.o
                cinit                               7F6      7F6        A      FEC       0
                config                             2007     2007        1        0       4
                text15                              4BA      4BA       17      974       0
                text14                              505      505       25      A0A       0
                text13                              480      480       13      900       0
                text12                              4A6      4A6       14      94C       0
                text11                              612      612       67      C24       0
                text10                              5B9      5B9       59      B72       0
                text9                               46F      46F       11      8DE       0
                text8                               458      458        1      8B0       0
                text7                               565      565       54      ACA       0
                text6                               71D      71D       D9      E3A       0
                text5                               4E8      4E8       1D      9D0       0
                text4                               461      461        E      8C2       0
                text3                               679      679       A4      CF2       0
                text2                               4D1      4D1       17      9A2       0
                text1                               493      493       13      926       0
                maintext                            52A      52A       3B      A54       0
                cstackBANK0                          46       46       24       20       1
                cstackCOMMON                         70       70        E       70       1
                clrtext                             459      459        8      8B2       0
                bssBANK0                             20       20       26       20       1
                strings                               2        2       2E        4       0

TOTAL           Name                               Link     Load   Length     Space
        CLASS   CODE           
                end_init                              0        0        2         0
                cinit                               7F6      7F6        A         0
                text15                              4BA      4BA       17         0
                text14                              505      505       25         0
                text13                              480      480       13         0
                text12                              4A6      4A6       14         0
                text11                              612      612       67         0
                text10                              5B9      5B9       59         0
                text9                               46F      46F       11         0
                text8                               458      458        1         0
                text7                               565      565       54         0
                text6                               71D      71D       D9         0
                text5                               4E8      4E8       1D         0
                text4                               461      461        E         0
                text3                               679      679       A4         0
                text2                               4D1      4D1       17         0
                text1                               493      493       13         0
                maintext                            52A      52A       3B         0
                clrtext                             459      459        8         0

        CLASS   STRCODE        

        CLASS   STRING         
                strings                               2        2       2E         0

        CLASS   CONST          

        CLASS   ENTRY          

        CLASS   COMMON         
                cstackCOMMON                         70       70        E         1

        CLASS   BANK0          
                cstackBANK0                          46       46       24         1
                bssBANK0                             20       20       26         1

        CLASS   BANK1          

        CLASS   BANK2          

        CLASS   RAM            

        CLASS   ABS1           
                abs_s1                               7E       7E        2         1

        CLASS   SFR0           

        CLASS   SFR1           

        CLASS   SFR2           

        CLASS   SFR3           

        CLASS   CONFIG         
                config                             2007     2007        1         4

        CLASS   IDLOC          

        CLASS   EEDATA         

        CLASS   BANK3          

        CLASS   HEAP           

        CLASS   STACK          



SEGMENTS        Name                           Load    Length   Top    Selector   Space  Class     Delta

                reset_vec                      000000  000002  000002         0       0  CODE        2
                strings                        000002  00002E  000030         4       0  STRING      2
                bssBANK0                       000020  00004A  00006A        20       1  BANK0       1
                cstackCOMMON                   000070  00000E  00007E        70       1  COMMON      1
                text8                          000458  000001  000459       8B0       0  CODE        2
                clrtext                        000459  000008  000461       8B2       0  CODE        2
                text4                          000461  00000E  00046F       8C2       0  CODE        2
                text9                          00046F  000011  000480       8DE       0  CODE        2
                text13                         000480  000013  000493       900       0  CODE        2
                text1                          000493  000013  0004A6       926       0  CODE        2
                text12                         0004A6  000014  0004BA       94C       0  CODE        2
                text15                         0004BA  000017  0004D1       974       0  CODE        2
                text2                          0004D1  000017  0004E8       9A2       0  CODE        2
                text5                          0004E8  00001D  000505       9D0       0  CODE        2
                text14                         000505  000025  00052A       A0A       0  CODE        2
                maintext                       00052A  00003B  000565       A54       0  CODE        2
                text7                          000565  000054  0005B9       ACA       0  CODE        2
                text10                         0005B9  000059  000612       B72       0  CODE        2
                text11                         000612  000067  000679       C24       0  CODE        2
                text3                          000679  0000A4  00071D       CF2       0  CODE        2
                text6                          00071D  0000D9  0007F6       E3A       0  CODE        2
                cinit                          0007F6  00000A  000800       FEC       0  CODE        2


UNUSED ADDRESS RANGES

        Name                Unused          Largest block    Delta
        BANK0            006A-006F              6           1
        BANK1            00A0-00EF             50           1
        BANK2            0120-016F             50           1
        CODE             0030-0457            428           2
                         0800-0FFF            800
        CONST            0030-0457            100           2
                         0800-0FFF            100
        EEDATA           2100-21FF            100           2
        ENTRY            0030-0457            100           2
                         0800-0FFF            100
        IDLOC            2000-2003              4           2
        RAM              006A-006F              6           1
                         00A0-00EF             50
                         0120-016F             50
        SFR0             0000-001F             20           1
        SFR1             0080-009F             20           1
        SFR2             0100-011F             20           1
        SFR3             0180-01EF             70           1
        STRCODE          0030-0457            428           2
                         0800-0FFF            800
        STRING           0030-0457            100           2
                         0800-0FFF            100

                                  Symbol Table

?_ADC_Read                 cstackCOMMON 0070
?___awdiv                  cstackCOMMON 0070
?___awmod                  cstackCOMMON 0070
?_abs                      cstackCOMMON 0076
?_printf                   cstackBANK0  0052
?_vfprintf                 cstackBANK0  004E
ADC_Read@result            cstackCOMMON 0076
MCP4921_SetOutput@data     cstackBANK0  0056
MCP4921_SetOutput@highByte cstackBANK0  0061
MCP4921_SetOutput@i        cstackBANK0  005D
MCP4921_SetOutput@i_548    cstackBANK0  005F
MCP4921_SetOutput@lowByte  cstackBANK0  0062
SPI_Write@data             cstackCOMMON 0070
UART_Write@data            cstackCOMMON 0072
_ADCON0bits                (abs)        001F
_ADCON1bits                (abs)        009F
_ADC_Init                  text15       04BA
_ADC_Read                  text14       0505
_ADRESH                    (abs)        001E
_ADRESL                    (abs)        009E
_ANSEL                     (abs)        011E
_ANSELH                    (abs)        011F
_INTCONbits                (abs)        000B
_MCP4921_SetOutput         text3        0679
_OSCCONbits                (abs)        008F
_PIE1bits                  (abs)        008C
_PIR1bits                  (abs)        000C
_PORTCbits                 (abs)        0007
_RCREG                     (abs)        001A
_RCSTAbits                 (abs)        0018
_SPBRG                     (abs)        0099
_SPI_Init                  text2        04D1
_SPI_Write                 text13       0480
_SSPBUF                    (abs)        0013
_SSPCON                    (abs)        0014
_SSPCONbits                (abs)        0014
_SSPSTATbits               (abs)        0094
_TRISBbits                 (abs)        0086
_TRISCbits                 (abs)        0087
_TXREG                     (abs)        0019
_TXSTAbits                 (abs)        0098
_UART_Init                 text1        0493
_UART_Write                text12       04A6
__H__absolute__            __absolute__ 0000
__Habs1                    abs1         0000
__Hbank0                   bank0        0000
__Hbank1                   bank1        0000
__Hbank2                   bank2        0000
__Hbank3                   bank3        0000
__HbssBANK0                bssBANK0     0000
__Hcinit                   cinit        0800
__Hclrtext                 clrtext      0000
__Hcode                    code         0000
__Hcommon                  common       0000
__Hconfig                  config       2008
__HcstackBANK0             cstackBANK0  0000
__HcstackCOMMON            cstackCOMMON 0000
__Heeprom_data             eeprom_data  0000
__Hend_init                end_init     0002
__Hfunctab                 functab      0000
__Hheap                    heap         0000
__Hinit                    init         0000
__Hintentry                intentry     0000
__Hmaintext                maintext     0000
__Hpowerup                 powerup      0000
__Hram                     ram          0000
__Hreset_vec               reset_vec    0000
__Hsfr0                    sfr0         0000
__Hsfr1                    sfr1         0000
__Hsfr2                    sfr2         0000
__Hsfr3                    sfr3         0000
__Hsivt                    sivt         0000
__Hspace_0                 (abs)        0800
__Hspace_1                 (abs)        007E
__Hspace_2                 (abs)        0000
__Hspace_3                 (abs)        0000
__Hspace_4                 (abs)        400F
__Hstack                   stack        0000
__Hstrings                 strings      0000
__Htext                    text         0000
__L__absolute__            __absolute__ 0000
__Labs1                    abs1         0000
__Lbank0                   bank0        0000
__Lbank1                   bank1        0000
__Lbank2                   bank2        0000
__Lbank3                   bank3        0000
__LbssBANK0                bssBANK0     0000
__Lcinit                   cinit        07F6
__Lclrtext                 clrtext      0000
__Lcode                    code         0000
__Lcommon                  common       0000
__Lconfig                  config       0000
__LcstackBANK0             cstackBANK0  0000
__LcstackCOMMON            cstackCOMMON 0000
__Leeprom_data             eeprom_data  0000
__Lend_init                end_init     0000
__Lfunctab                 functab      0000
__Lheap                    heap         0000
__Linit                    init         0000
__Lintentry                intentry     0000
__Lmaintext                maintext     0000
__Lpowerup                 powerup      0000
__Lram                     ram          0000
__Lreset_vec               reset_vec    0000
__Lsfr0                    sfr0         0000
__Lsfr1                    sfr1         0000
__Lsfr2                    sfr2         0000
__Lsfr3                    sfr3         0000
__Lsivt                    sivt         0000
__Lspace_0                 (abs)        0000
__Lspace_1                 (abs)        0000
__Lspace_2                 (abs)        0000
__Lspace_3                 (abs)        0000
__Lspace_4                 (abs)        0000
__Lstack                   stack        0000
__Lstrings                 strings      0000
__Ltext                    text         0000
__S0                       (abs)        0800
__S1                       (abs)        007E
__S3                       (abs)        0000
___awdiv                   text11       0612
___awdiv@counter           cstackCOMMON 0074
___awdiv@dividend          cstackCOMMON 0072
___awdiv@divisor           cstackCOMMON 0070
___awdiv@quotient          cstackCOMMON 0076
___awdiv@sign              cstackCOMMON 0075
___awmod                   text10       05B9
___awmod@counter           cstackCOMMON 0074
___awmod@dividend          cstackCOMMON 0072
___awmod@divisor           cstackCOMMON 0070
___awmod@sign              cstackCOMMON 0075
___heap_hi                 (abs)        0000
___heap_lo                 (abs)        0000
___int_sp                  stack        0000
___int_stack_hi            stack        0000
___int_stack_lo            stack        0000
___latbits                 (abs)        0001
___sp                      stack        0000
___stack_hi                stack        0000
___stack_lo                stack        0000
___stackhi                 (abs)        0000
___stacklo                 (abs)        0000
__end_of_ADC_Init          text15       04D1
__end_of_ADC_Read          text14       052A
__end_of_MCP4921_SetOutput text3        071D
__end_of_SPI_Init          text2        04E8
__end_of_SPI_Write         text13       0493
__end_of_UART_Init         text1        04A6
__end_of_UART_Write        text12       04BA
__end_of___awdiv           text11       0679
__end_of___awmod           text10       0612
__end_of__initialization   cinit        07FD
__end_of__stringtab        strings      0008
__end_of_abs               text9        0480
__end_of_fputc             text7        05B9
__end_of_main              maintext     0565
__end_of_printf            text4        046F
__end_of_putch             text8        0459
__end_of_vfpfcnvrt         text6        07F6
__end_of_vfprintf          text5        0505
__initialization           cinit        07F6
__pbssBANK0                bssBANK0     0020
__pcstackBANK0             cstackBANK0  0046
__pcstackCOMMON            cstackCOMMON 0070
__pmaintext                maintext     052A
__pstrings                 strings      0002
__ptext1                   text1        0493
__ptext10                  text10       05B9
__ptext11                  text11       0612
__ptext12                  text12       04A6
__ptext13                  text13       0480
__ptext14                  text14       0505
__ptext15                  text15       04BA
__ptext2                   text2        04D1
__ptext3                   text3        0679
__ptext4                   text4        0461
__ptext5                   text5        04E8
__ptext6                   text6        071D
__ptext7                   text7        0565
__ptext8                   text8        0458
__ptext9                   text9        046F
__stringbase               strings      0007
__stringtab                strings      0002
_abs                       text9        046F
_dbuf                      bssBANK0     0020
_flags                     bssBANK0     0044
_fputc                     text7        0565
_main                      maintext     052A
_prec                      bssBANK0     0042
_printf                    text4        0461
_putch                     text8        0458
_vfpfcnvrt                 text6        071D
_vfprintf                  text5        04E8
_width                     bssBANK0     0040
abs@a                      cstackCOMMON 0076
btemp                      (abs)        007E
clear_ram0                 clrtext      0459
end_of_initialization      cinit        07FD
fputc@c                    cstackCOMMON 0070
fputc@fp                   cstackCOMMON 0072
intlevel0                  functab      0000
intlevel1                  functab      0000
intlevel2                  functab      0000
intlevel3                  functab      0000
intlevel4                  functab      0000
intlevel5                  functab      0000
main@adcValue              cstackBANK0  0066
printf@ap                  cstackBANK0  0054
printf@fmt                 cstackBANK0  0055
reset_vec                  reset_vec    0000
start                      init         0000
start_initialization       cinit        07F6
vfpfcnvrt@ap               cstackCOMMON 007B
vfpfcnvrt@c                cstackBANK0  004D
vfpfcnvrt@convarg          cstackBANK0  0049
vfpfcnvrt@cp               cstackBANK0  0048
vfpfcnvrt@done             cstackBANK0  0046
vfpfcnvrt@fmt              cstackCOMMON 007A
vfpfcnvrt@fp               cstackBANK0  0047
vfprintf@ap                cstackBANK0  004F
vfprintf@cfmt              cstackBANK0  0051
vfprintf@fmt               cstackBANK0  004E
vfprintf@fp                cstackBANK0  0050
wtemp0                     (abs)        007E


MODULE INFORMATION

Module		Function		Class		Link	Load	Size
C:\Program Files\Microchip\xc8\v2.46\pic\sources\c99\common\printf.c
		_printf        		CODE           	0461	0000	14

C:\Program Files\Microchip\xc8\v2.46\pic\sources\c99\common\printf.c estimated size: 14

C:\Program Files\Microchip\xc8\v2.46\pic\sources\c99\common\nf_fputc.c
		_fputc         		CODE           	0565	0000	84

C:\Program Files\Microchip\xc8\v2.46\pic\sources\c99\common\nf_fputc.c estimated size: 84

C:\Program Files\Microchip\xc8\v2.46\pic\sources\c99\common\awdiv.c
		___awdiv       		CODE           	0612	0000	103

C:\Program Files\Microchip\xc8\v2.46\pic\sources\c99\common\awdiv.c estimated size: 103

newmain.c
		_UART_Init     		CODE           	0493	0000	19
		_main          		CODE           	052A	0000	59
		_SPI_Write     		CODE           	0480	0000	19
		_MCP4921_SetOutput		CODE           	0679	0000	164
		_SPI_Init      		CODE           	04D1	0000	23
		_UART_Write    		CODE           	04A6	0000	20
		_ADC_Read      		CODE           	0505	0000	37
		_ADC_Init      		CODE           	04BA	0000	23

newmain.c estimated size: 364

C:\Program Files\Microchip\xc8\v2.46\pic\sources\c99\common\doprnt.c
		_vfpfcnvrt     		CODE           	071D	0000	217
		_vfprintf      		CODE           	04E8	0000	29

C:\Program Files\Microchip\xc8\v2.46\pic\sources\c99\common\doprnt.c estimated size: 246

shared
		__stringtab    		STRING         	0002	0000	6
		__initialization		CODE           	07F6	0000	7

shared estimated size: 13

C:\Program Files\Microchip\xc8\v2.46\pic\sources\c99\common\putch.c
		_putch         		CODE           	0458	0000	1

C:\Program Files\Microchip\xc8\v2.46\pic\sources\c99\common\putch.c estimated size: 1

C:\Program Files\Microchip\xc8\v2.46\pic\sources\c99\common\abs.c
		_abs           		CODE           	046F	0000	17

C:\Program Files\Microchip\xc8\v2.46\pic\sources\c99\common\abs.c estimated size: 17

C:\Program Files\Microchip\xc8\v2.46\pic\sources\c99\common\awmod.c
		___awmod       		CODE           	05B9	0000	89

C:\Program Files\Microchip\xc8\v2.46\pic\sources\c99\common\awmod.c estimated size: 89

