Microchip MPLAB XC8 Compiler V2.46

Linker command line:

-W-3 \
  --edf=C:\Program Files\Microchip\xc8\v2.46\pic\dat\20240104201356_en.msgs \
  -cn -h+dist/default/production\Test690.X.production.sym \
  --cmf=dist/default/production\Test690.X.production.cmf -z -Q16F690 \
  -oC:\Users\BME1\AppData\Local\Temp\xcAse9s.\driver_tmp_3.o \
  --defsym=__MPLAB_BUILD=1 --fixupoverflow=error \
  -Mdist/default/production/Test690.X.production.map \
  --md=C:\Users\BME1\AppData\Local\Temp\xcAse9s.\driver_tmp_0.dat -E1 \
  -ver=XC8 Compiler --acfsm=1493 -ACODE=00h-07FFhx2 -ASTRCODE=00h-0FFFh \
  -ASTRING=00h-0FFhx16 -ACONST=00h-0FFhx16 -AENTRY=00h-0FFhx16 \
  -ACOMMON=070h-07Fh -ABANK0=020h-06Fh -ABANK1=0A0h-0EFh \
  -ABANK2=0120h-016Fh -ARAM=020h-06Fh,0A0h-0EFh,0120h-016Fh \
  -AABS1=020h-07Fh,0A0h-0EFh,0120h-016Fh -ASFR0=00h-01Fh -ASFR1=080h-09Fh \
  -ASFR2=0100h-011Fh -ASFR3=0180h-01EFh -ACONFIG=02007h-02007h -DCONFIG=2 \
  -AIDLOC=02000h-02003h -DIDLOC=2 -AEEDATA=00h-0FFh/02100h \
  -peeprom_data=EEDATA -DEEDATA=2 -DCODE=2 -DSTRCODE=2 -DSTRING=2 -DCONST=2 \
  -DENTRY=2 -preset_vec=00h,intentry,sivt,init,end_init -ppowerup=CODE \
  -pcinit=CODE -pfunctab=ENTRY -k \
  C:\Users\BME1\AppData\Local\Temp\xcAse9s.\driver_tmp_12.o \
  dist/default/production\Test690.X.production.o 

Object code version is 3.11

Machine type is 16F690



                Name                               Link     Load   Length Selector   Space Scale
C:\Users\BME1\AppData\Local\Temp\xcAse9s.\driver_tmp_12.o
                end_init                              0        0        2        0       0
                config                             2007     2007        1        0       4
dist/default/production\Test690.X.production.o
                cinit                               7F7      7F7        9      FEE       0
                config                             2007     2007        1        0       4
                text10                              6A8      6A8       1C      D50       0
                text9                               6C4      6C4       20      D88       0
                text8                               62F      62F        C      C5E       0
                text7                               64B      64B       15      C96       0
                text6                               63B      63B       10      C76       0
                text5                               675      675       19      CEA       0
                text4                               78C      78C       6B      F18       0
                text3                               68E      68E       1A      D1C       0
                text2                               6E4      6E4       51      DC8       0
                text1                               660      660       15      CC0       0
                maintext                            735      735       57      E6A       0
                cstackBANK0                          20       20        B       20       1
                cstackCOMMON                         70       70        C       70       1
                cstackBANK1                          A0       A0       4E       A0       1
                bssBANK0                             2B       2B        4       20       1

TOTAL           Name                               Link     Load   Length     Space
        CLASS   CODE           
                end_init                              0        0        2         0
                cinit                               7F7      7F7        9         0
                text10                              6A8      6A8       1C         0
                text9                               6C4      6C4       20         0
                text8                               62F      62F        C         0
                text7                               64B      64B       15         0
                text6                               63B      63B       10         0
                text5                               675      675       19         0
                text4                               78C      78C       6B         0
                text3                               68E      68E       1A         0
                text2                               6E4      6E4       51         0
                text1                               660      660       15         0
                maintext                            735      735       57         0

        CLASS   STRCODE        

        CLASS   STRING         

        CLASS   CONST          

        CLASS   ENTRY          

        CLASS   COMMON         
                cstackCOMMON                         70       70        C         1

        CLASS   BANK0          
                cstackBANK0                          20       20        B         1
                bssBANK0                             2B       2B        4         1

        CLASS   BANK1          
                cstackBANK1                          A0       A0       4E         1

        CLASS   BANK2          

        CLASS   RAM            

        CLASS   ABS1           
                abs_s1                               7E       7E        2         1

        CLASS   SFR0           

        CLASS   SFR1           

        CLASS   SFR2           

        CLASS   SFR3           

        CLASS   CONFIG         
                config                             2007     2007        1         4

        CLASS   IDLOC          

        CLASS   EEDATA         

        CLASS   BANK3          

        CLASS   HEAP           

        CLASS   STACK          



SEGMENTS        Name                           Load    Length   Top    Selector   Space  Class     Delta

                reset_vec                      000000  000002  000002         0       0  CODE        2
                cstackBANK0                    000020  00000F  00002F        20       1  BANK0       1
                cstackCOMMON                   000070  00000C  00007C        70       1  COMMON      1
                cstackBANK1                    0000A0  00004E  0000EE        A0       1  BANK1       1
                text8                          00062F  00000C  00063B       C5E       0  CODE        2
                text6                          00063B  000010  00064B       C76       0  CODE        2
                text7                          00064B  000015  000660       C96       0  CODE        2
                text1                          000660  000015  000675       CC0       0  CODE        2
                text5                          000675  000019  00068E       CEA       0  CODE        2
                text3                          00068E  00001A  0006A8       D1C       0  CODE        2
                text10                         0006A8  00001C  0006C4       D50       0  CODE        2
                text9                          0006C4  000020  0006E4       D88       0  CODE        2
                text2                          0006E4  000051  000735       DC8       0  CODE        2
                maintext                       000735  000057  00078C       E6A       0  CODE        2
                text4                          00078C  00006B  0007F7       F18       0  CODE        2
                cinit                          0007F7  000009  000800       FEE       0  CODE        2


UNUSED ADDRESS RANGES

        Name                Unused          Largest block    Delta
        BANK0            002F-006F             41           1
        BANK1            00EE-00EF              2           1
        BANK2            0120-016F             50           1
        CODE             0002-062E            62D           2
                         0800-0FFF            800
        COMMON           007C-007D              2           1
        CONST            0002-062E            100           2
                         0800-0FFF            100
        EEDATA           2100-21FF            100           2
        ENTRY            0002-062E            100           2
                         0800-0FFF            100
        IDLOC            2000-2003              4           2
        RAM              002F-006F             41           1
                         00EE-00EF              2
                         0120-016F             50
        SFR0             0000-001F             20           1
        SFR1             0080-009F             20           1
        SFR2             0100-011F             20           1
        SFR3             0180-01EF             70           1
        STRCODE          0002-062E            62D           2
                         0800-0FFF            800
        STRING           0002-062E            100           2
                         0800-0FFF            100

                                  Symbol Table

?_ADC_Read                 cstackCOMMON 0070
?_dequeue                  cstackCOMMON 0077
?_isQueueEmpty             cstackCOMMON 0070
?_isQueueFull              cstackCOMMON 0070
ADC_Read@result            cstackCOMMON 0076
MCP4921_SetOutput@data     cstackCOMMON 0071
MCP4921_SetOutput@highByte cstackCOMMON 0075
MCP4921_SetOutput@lowByte  cstackCOMMON 0076
SPI_Write@data             cstackCOMMON 0070
_ADCON0bits                (abs)        001F
_ADCON1bits                (abs)        009F
_ADC_Init                  text10       06A8
_ADC_Read                  text9        06C4
_ADRESH                    (abs)        001E
_ADRESL                    (abs)        009E
_ANSEL                     (abs)        011E
_ANSELH                    (abs)        011F
_ANSELbits                 (abs)        011E
_MCP4921_SetOutput         text7        064B
_PORTCbits                 (abs)        0007
_SPI_Init                  text6        063B
_SPI_Write                 text8        062F
_SSPBUF                    (abs)        0013
_SSPCON                    (abs)        0014
_SSPSTAT                   (abs)        0094
_SSPSTATbits               (abs)        0094
_TRISAbits                 (abs)        0085
_TRISBbits                 (abs)        0086
_TRISCbits                 (abs)        0087
__H__absolute__            __absolute__ 0000
__Habs1                    abs1         0000
__Hbank0                   bank0        0000
__Hbank1                   bank1        0000
__Hbank2                   bank2        0000
__Hbank3                   bank3        0000
__HbssBANK0                bssBANK0     0000
__Hcinit                   cinit        0800
__Hclrtext                 clrtext      0000
__Hcode                    code         0000
__Hcommon                  common       0000
__Hconfig                  config       2008
__HcstackBANK0             cstackBANK0  0000
__HcstackBANK1             cstackBANK1  0000
__HcstackCOMMON            cstackCOMMON 0000
__Heeprom_data             eeprom_data  0000
__Hend_init                end_init     0002
__Hfunctab                 functab      0000
__Hheap                    heap         0000
__Hinit                    init         0000
__Hintentry                intentry     0000
__Hmaintext                maintext     0000
__Hpowerup                 powerup      0000
__Hram                     ram          0000
__Hreset_vec               reset_vec    0000
__Hsfr0                    sfr0         0000
__Hsfr1                    sfr1         0000
__Hsfr2                    sfr2         0000
__Hsfr3                    sfr3         0000
__Hsivt                    sivt         0000
__Hspace_0                 (abs)        0800
__Hspace_1                 (abs)        00EE
__Hspace_2                 (abs)        0000
__Hspace_3                 (abs)        0000
__Hspace_4                 (abs)        400F
__Hstack                   stack        0000
__Hstrings                 strings      0000
__Htext                    text         0000
__L__absolute__            __absolute__ 0000
__Labs1                    abs1         0000
__Lbank0                   bank0        0000
__Lbank1                   bank1        0000
__Lbank2                   bank2        0000
__Lbank3                   bank3        0000
__LbssBANK0                bssBANK0     0000
__Lcinit                   cinit        07F7
__Lclrtext                 clrtext      0000
__Lcode                    code         0000
__Lcommon                  common       0000
__Lconfig                  config       0000
__LcstackBANK0             cstackBANK0  0000
__LcstackBANK1             cstackBANK1  0000
__LcstackCOMMON            cstackCOMMON 0000
__Leeprom_data             eeprom_data  0000
__Lend_init                end_init     0000
__Lfunctab                 functab      0000
__Lheap                    heap         0000
__Linit                    init         0000
__Lintentry                intentry     0000
__Lmaintext                maintext     0000
__Lpowerup                 powerup      0000
__Lram                     ram          0000
__Lreset_vec               reset_vec    0000
__Lsfr0                    sfr0         0000
__Lsfr1                    sfr1         0000
__Lsfr2                    sfr2         0000
__Lsfr3                    sfr3         0000
__Lsivt                    sivt         0000
__Lspace_0                 (abs)        0000
__Lspace_1                 (abs)        0000
__Lspace_2                 (abs)        0000
__Lspace_3                 (abs)        0000
__Lspace_4                 (abs)        0000
__Lstack                   stack        0000
__Lstrings                 strings      0000
__Ltext                    text         0000
__S0                       (abs)        0800
__S1                       (abs)        00EE
__S3                       (abs)        0000
___heap_hi                 (abs)        0000
___heap_lo                 (abs)        0000
___int_sp                  stack        0000
___int_stack_hi            stack        0000
___int_stack_lo            stack        0000
___latbits                 (abs)        0001
___sp                      stack        0000
___stack_hi                stack        0000
___stack_lo                stack        0000
___stackhi                 (abs)        0000
___stacklo                 (abs)        0000
__end_of_ADC_Init          text10       06C4
__end_of_ADC_Read          text9        06E4
__end_of_MCP4921_SetOutput text7        0660
__end_of_SPI_Init          text6        064B
__end_of_SPI_Write         text8        063B
__end_of__initialization   cinit        07FD
__end_of_dequeue           text4        07F7
__end_of_enqueue           text2        0735
__end_of_initQueue         text1        0675
__end_of_isQueueEmpty      text5        068E
__end_of_isQueueFull       text3        06A8
__end_of_main              maintext     078C
__initialization           cinit        07F7
__pbssBANK0                bssBANK0     002B
__pcstackBANK0             cstackBANK0  0020
__pcstackBANK1             cstackBANK1  00A0
__pcstackCOMMON            cstackCOMMON 0070
__pmaintext                maintext     0735
__ptext1                   text1        0660
__ptext10                  text10       06A8
__ptext2                   text2        06E4
__ptext3                   text3        068E
__ptext4                   text4        078C
__ptext5                   text5        0675
__ptext6                   text6        063B
__ptext7                   text7        064B
__ptext8                   text8        062F
__ptext9                   text9        06C4
_dequeue                   text4        078C
_enqueue                   text2        06E4
_initQueue                 text1        0660
_isQueueEmpty              text5        0675
_isQueueFull               text3        068E
_main                      maintext     0735
btemp                      (abs)        007E
dequeue@F1643              bssBANK0     002B
dequeue@data               cstackBANK0  0026
dequeue@q                  cstackBANK0  002A
end_of_initialization      cinit        07FD
enqueue@data               cstackCOMMON 0077
enqueue@q                  cstackCOMMON 007B
initQueue@q                cstackCOMMON 0070
intlevel0                  functab      0000
intlevel1                  functab      0000
intlevel2                  functab      0000
intlevel3                  functab      0000
intlevel4                  functab      0000
intlevel5                  functab      0000
isQueueEmpty@q             cstackCOMMON 0076
isQueueFull@q              cstackCOMMON 0076
main@adcQueue              cstackBANK1  00A8
main@adcValue              cstackBANK1  00A0
main@data                  cstackBANK1  00A4
reset_vec                  reset_vec    0000
start                      init         0000
start_initialization       cinit        07F7
wtemp0                     (abs)        007E


MODULE INFORMATION

Module		Function		Class		Link	Load	Size
newmain.c
		_main          		CODE           	0735	0000	87
		_dequeue       		CODE           	078C	0000	107
		_isQueueFull   		CODE           	068E	0000	26
		_isQueueEmpty  		CODE           	0675	0000	25
		_SPI_Write     		CODE           	062F	0000	12
		_MCP4921_SetOutput		CODE           	064B	0000	21
		_enqueue       		CODE           	06E4	0000	81
		_SPI_Init      		CODE           	063B	0000	16
		_initQueue     		CODE           	0660	0000	21
		_ADC_Read      		CODE           	06C4	0000	32
		_ADC_Init      		CODE           	06A8	0000	28

newmain.c estimated size: 456

shared
		__initialization		CODE           	07F7	0000	6

shared estimated size: 6

